Microchip MPLAB XC8 Compiler V3.00

Linker command line:

-W-3 \
  --edf=C:/Users/hiroy/.mchp_packs/Microchip/PIC18F-Q_DFP/1.28.451/xc8\pic\dat\20250324195656_en.msgs \
  -pivt0x8=08h -cn -h+dist/default/production\EMU4004.X.production.sym \
  --cmf=dist/default/production\EMU4004.X.production.cmf -z -Q18F47Q84 \
  -oC:\Users\hiroy\AppData\Local\Temp\xcCsl4g.2\driver_tmp_3.o \
  --defsym=__MPLAB_BUILD=1 --fixupoverflow=error \
  -Mdist/default/production/EMU4004.X.production.map \
  --md=C:\Users\hiroy\AppData\Local\Temp\xcCsl4g.2\driver_tmp_0.dat -E1 \
  -ver=XC8 Compiler -p_rom_text=10000h -ACODE=00h-01FFFFh \
  -ACONST=00h-01FFFFh -ASMALLCONST=04000h-040FFhx192,014000h-0140FFhx192 \
  -AMEDIUMCONST=04000h-0FFFFh,014000h-01FFFFh -ACOMRAM=0501h-055Fh \
  -AABS1=0500h-036FFh -ABIGRAM=0501h-036FFh \
  -ARAM=0560h-05FFh,0600h-06FFhx49 -ABANK5=0560h-05FFh -ABANK6=0600h-06FFh \
  -ABANK7=0700h-07FFh -ABANK8=0800h-08FFh -ABANK9=0900h-09FFh \
  -ABANK10=0A00h-0AFFh -ABANK11=0B00h-0BFFh -ABANK12=0C00h-0CFFh \
  -ABANK13=0D00h-0DFFh -ABANK14=0E00h-0EFFh -ABANK15=0F00h-0FFFh \
  -ABANK16=01000h-010FFh -ABANK17=01100h-011FFh -ABANK18=01200h-012FFh \
  -ABANK19=01300h-013FFh -ABANK20=01400h-014FFh -ABANK21=01500h-015FFh \
  -ABANK22=01600h-016FFh -ABANK23=01700h-017FFh -ABANK24=01800h-018FFh \
  -ABANK25=01900h-019FFh -ABANK26=01A00h-01AFFh -ABANK27=01B00h-01BFFh \
  -ABANK28=01C00h-01CFFh -ABANK29=01D00h-01DFFh -ABANK30=01E00h-01EFFh \
  -ABANK31=01F00h-01FFFh -ABANK32=02000h-020FFh -ABANK33=02100h-021FFh \
  -ABANK34=02200h-022FFh -ABANK35=02300h-023FFh -ABANK36=02400h-024FFh \
  -ABANK37=02500h-025FFh -ABANK38=02600h-026FFh -ABANK39=02700h-027FFh \
  -ABANK40=02800h-028FFh -ABANK41=02900h-029FFh -ABANK42=02A00h-02AFFh \
  -ABANK43=02B00h-02BFFh -ABANK44=02C00h-02CFFh -ABANK45=02D00h-02DFFh \
  -ABANK46=02E00h-02EFFh -ABANK47=02F00h-02FFFh -ABANK48=03000h-030FFh \
  -ABANK49=03100h-031FFh -ABANK50=03200h-032FFh -ABANK51=03300h-033FFh \
  -ABANK52=03400h-034FFh -ABANK53=03500h-035FFh -ABANK54=03600h-036FFh \
  -ASFR=00h-0FFhx4,0400h-045Fh,0460h-04FFh,03700h-037FFhx9 \
  -ABIGSFR=00h-04FFh,03700h-03FFFh -ACONFIG=0300000h-0300023h \
  -AIDLOC=0200000h-020003Fh -AEEDATA=0380000h-03803FFh -peeprom_data=EEDATA \
  -preset_vec=00h -ppowerup=CODE,init -pramtop=04000h \
  -psmallconst=SMALLCONST -pmediumconst=MEDIUMCONST -pconst=CONST \
  -AFARRAM=00h-00h \
  -prdata=COMRAM,nvrram=COMRAM,nvbit=COMRAM,rbss=COMRAM,rbit=COMRAM \
  -pfarbss=FARRAM,fardata=FARRAM,nvFARRAM=FARRAM \
  -pintsave_regs=BIGRAM,bigbss=BIGRAM,bigdata=BIGRAM -pbss=RAM \
  -pidata=CODE,irdata=CODE,ibigdata=CODE,ifardata=CODE -prparam=COMRAM \
  C:\Users\hiroy\AppData\Local\Temp\xcCsl4g.2\driver_tmp_14.o \
  dist/default/production\EMU4004.X.production.o 

Object code version is 3.11

Machine type is 18F47Q84



                Name                               Link     Load   Length Selector   Space Scale
C:\Users\hiroy\AppData\Local\Temp\xcCsl4g.2\driver_tmp_14.o
                config                           300000   300000       23        0       4
                init                              10EE2    10EE2        4     8000       0
                reset_vec                             0        0        4        0       0
dist/default/production\EMU4004.X.production.o
                config                           300000   300000       23        0       4
                smallconst                         4000     4000       FA     2000       0
                ivt0x8                                8        8      102        4       0
                text26                            12178    12178      2D2     8000       0
                text25                            133DC    133DC        2     4CF7       0
                text24                            12B06    12B06      140     8000       0
                text23                            126D8    126D8      286     8000       0
                text22                            130CA    130CA       8A     8000       0
                text21                            12D26    12D26       D0     8000       0
                text20                            11B48    11B48      328     8000       0
                text19                            13352    13352       2E     8000       0
                text18                            11E70    11E70      308     8000       0
                text17                            1325C    1325C       46     8000       0
                text16                            12EC2    12EC2       BA     8000       0
                text15                            12DF6    12DF6       CC     8000       0
                text14                            1295E    1295E      1A8     8000       0
                text13                            131CC    131CC       4A     8000       0
                text12                            132A2    132A2       44     8000       0
                text11                            133CE    133CE        C     8000       0
                text10                            1302A    1302A       A0     8000       0
                text9                             132E6    132E6       38     8000       0
                text8                             13154    13154       78     8000       0
                text7                             1331E    1331E       34     8000       0
                text6                             10EE6    10EE6      8C8     8000       0
                text5                             12F7C    12F7C       AE     8000       0
                text4                             12C46    12C46       E0     8000       0
                text3                             1244A    1244A      28E     8000       0
                text2                             13216    13216       46     8000       0
                text1                             133AC    133AC       22     8000       0
                text0                             117AE    117AE      39A     8000       0
                cstackCOMRAMhllhhl                  516      516        A      516       1
                cstackCOMRAMhh                      528      528       38      528       1
                cstackBANK5                         560      560       64      560       1
                bssBANK53                          3508     3508       50     3508       1
                bssBANK5                            5C4      5C4       11      560       1
                cinit                             13380    13380       2C     8000       0
                _rom_text                         10000    10000      EE2     8000       0

TOTAL           Name                               Link     Load   Length     Space
        CLASS   CODE           
                init                              10EE2    10EE2        4         0
                reset_vec                             0        0        4         0
                ivt0x8                                8        8      102         0
                text26                            12178    12178      2D2         0
                text25                            133DC    133DC        2         0
                text24                            12B06    12B06      140         0
                text23                            126D8    126D8      286         0
                text22                            130CA    130CA       8A         0
                text21                            12D26    12D26       D0         0
                text20                            11B48    11B48      328         0
                text19                            13352    13352       2E         0
                text18                            11E70    11E70      308         0
                text17                            1325C    1325C       46         0
                text16                            12EC2    12EC2       BA         0
                text15                            12DF6    12DF6       CC         0
                text14                            1295E    1295E      1A8         0
                text13                            131CC    131CC       4A         0
                text12                            132A2    132A2       44         0
                text11                            133CE    133CE        C         0
                text10                            1302A    1302A       A0         0
                text9                             132E6    132E6       38         0
                text8                             13154    13154       78         0
                text7                             1331E    1331E       34         0
                text6                             10EE6    10EE6      8C8         0
                text5                             12F7C    12F7C       AE         0
                text4                             12C46    12C46       E0         0
                text3                             1244A    1244A      28E         0
                text2                             13216    13216       46         0
                text1                             133AC    133AC       22         0
                text0                             117AE    117AE      39A         0
                cinit                             13380    13380       2C         0
                _rom_text                         10000    10000      EE2         0

        CLASS   CONST          

        CLASS   SMALLCONST     
                smallconst                         4000     4000       FA         0

        CLASS   MEDIUMCONST    

        CLASS   COMRAM         
                cstackCOMRAMhllhhl                  516      516        A         1
                cstackCOMRAMhh                      528      528       38         1

        CLASS   ABS1           
                abs_s1                              501      501       15         1
                abs_s1                              520      520        2         1
                abs_s1                              521      521        1         1
                abs_s1                              523      523        5         1
                abs_s1                              600      600     2F08         1

        CLASS   BIGRAM         

        CLASS   RAM            

        CLASS   BANK5          
                cstackBANK5                         560      560       64         1
                bssBANK5                            5C4      5C4       11         1

        CLASS   BANK6          

        CLASS   BANK7          

        CLASS   BANK8          

        CLASS   BANK9          

        CLASS   BANK10         

        CLASS   BANK11         

        CLASS   BANK12         

        CLASS   BANK13         

        CLASS   BANK14         

        CLASS   BANK15         

        CLASS   BANK16         

        CLASS   BANK17         

        CLASS   BANK18         

        CLASS   BANK19         

        CLASS   BANK20         

        CLASS   BANK21         

        CLASS   BANK22         

        CLASS   BANK23         

        CLASS   BANK24         

        CLASS   BANK25         

        CLASS   BANK26         

        CLASS   BANK27         

        CLASS   BANK28         

        CLASS   BANK29         

        CLASS   BANK30         

        CLASS   BANK31         

        CLASS   BANK32         

        CLASS   BANK33         

        CLASS   BANK34         

        CLASS   BANK35         

        CLASS   BANK36         

        CLASS   BANK37         

        CLASS   BANK38         

        CLASS   BANK39         

        CLASS   BANK40         

        CLASS   BANK41         

        CLASS   BANK42         

        CLASS   BANK43         

        CLASS   BANK44         

        CLASS   BANK45         

        CLASS   BANK46         

        CLASS   BANK47         

        CLASS   BANK48         

        CLASS   BANK49         

        CLASS   BANK50         

        CLASS   BANK51         

        CLASS   BANK52         

        CLASS   BANK53         
                bssBANK53                          3508     3508       50         1

        CLASS   BANK54         

        CLASS   SFR            

        CLASS   BIGSFR         

        CLASS   CONFIG         
                config                           300000   300000       23         4

        CLASS   IDLOC          

        CLASS   EEDATA         

        CLASS   FARRAM         

        CLASS   HEAP           

        CLASS   STACK          



SEGMENTS        Name                           Load    Length   Top    Selector   Space  Class

                reset_vec                      000000  000004  000004         0       0  CODE    
                ivt0x8                         000008  000102  00010A         4       0  CODE    
                cstackCOMRAMhllhhl             000516  00000A  000520       516       1  COMRAM  
                cstackCOMRAMhh                 000528  000038  000560       528       1  COMRAM  
                cstackBANK5                    000560  000075  0005D5       560       1  BANK5   
                bssBANK53                      003508  000050  003558      3508       1  BANK53  
                smallconst                     004000  0000FA  0040FA      2000       0  SMALLCON
                _rom_text                      010000  0033DA  0133DA      8000       0  CODE    
                text25                         0133DC  000002  0133DE      4CF7       0  CODE    


UNUSED ADDRESS RANGES

        Name                Unused          Largest block    Delta
        BANK5            0005D5-0005FF               2B
        BANK53           003558-0035FF               A8
        BANK54           003600-0036FF              100
        BIGRAM           000522-000522                1
                         0005D5-0005FF               2B
                         003558-0036FF              1A8
        BIGSFR           000000-0004FF              500
                         003700-003FFF              900
        CODE             000004-000007                4
                         00010A-003FFF             3EF6
                         0040FA-00FFFF             BF06
                         0133DA-0133DB                2
                         0133DE-01FFFF             CC22
        COMRAM           000522-000522                1
        CONFIG           300023-300023                1
        CONST            000004-000007                4
                         00010A-003FFF             3EF6
                         0040FA-00FFFF             BF06
                         0133DA-0133DB                2
                         0133DE-01FFFF             CC22
        EEDATA           380000-3803FF              400
        IDLOC            200000-20003F               40
        MEDIUMCONST      0040FA-00FFFF             BF06
                         014000-01FFFF             C000
        RAM              0005D5-0005FF               2B
                         003558-0036FF               A8
        SFR              000000-0004FF              100
                         003700-003FFF              100
        SMALLCONST       0040FA-00FFFF              100
                         014000-01FFFF              100

                                  Symbol Table

?___fladd                   cstackCOMRAMhh     000528
?___fldiv                   cstackCOMRAMhh     000536
?___flmul                   cstackCOMRAMhh     000536
?___flneg                   cstackCOMRAMhh     000528
?___flsub                   cstackCOMRAMhh     00054F
?___fltol                   cstackCOMRAMhh     000528
?___fpclassifyf             cstackCOMRAMhh     000528
?___xxtofl                  cstackCOMRAMhh     000528
?_floorf                    cstackCOMRAMhh     00054F
?_labs                      cstackCOMRAMhh     000528
?_printf                    cstackBANK5        0005A5
?_read_prec_or_width        cstackCOMRAMhh     000528
?_vfprintf                  cstackBANK5        0005A0
IVTBASEH                    (abs)              00045E
IVTBASEL                    (abs)              00045D
IVTBASEU                    (abs)              00045F
_ACC                        (abs)              000514
_ACCX                       (abs)              000526
_ANSELA                     (abs)              000400
_ANSELA6                    (abs)              002006
_ANSELA7                    (abs)              002007
_ANSELB                     (abs)              000408
_ANSELC                     (abs)              000410
_ANSELD                     (abs)              000418
_ANSELD2                    (abs)              0020C2
_ANSELD3                    (abs)              0020C3
_ANSELE                     (abs)              000420
_BANK_00                    (abs)              000500
_B_MEM                      (abs)              001500
_CLCIN0PPS                  (abs)              000261
_CLCSELECT                  (abs)              0000D5
_CLCnCON                    (abs)              0000D6
_CLCnGLS0                   (abs)              0000DC
_CLCnGLS1                   (abs)              0000DD
_CLCnGLS2                   (abs)              0000DE
_CLCnGLS3                   (abs)              0000DF
_CLCnPOL                    (abs)              0000D7
_CLCnSEL0                   (abs)              0000D8
_CLCnSEL1                   (abs)              0000D9
_CLCnSEL2                   (abs)              0000DA
_CLCnSEL3                   (abs)              0000DB
_CMRAM0                     (abs)              00050B
_CMRAM1                     (abs)              00050C
_CMRAMX                     (abs)              000527
_C_M1                       (abs)              000506
_Default_ISR                text25             0133DC
_FSR0H                      (abs)              0004EA
_FSR0L                      (abs)              0004E9
_GIE                        (abs)              0026B7
_INDF0                      (abs)              0004EF
_IOCCF                      (abs)              000417
_IOCCP3                     (abs)              0020AB
_IOCIE                      (abs)              0024F7
_IOCIF                      (abs)              002577
_IVTBASE                    (abs)              00045D
_IVTLOCK                    (abs)              000459
_IVTLOCKbits                (abs)              000459
_LATA                       (abs)              0004BE
_LATA6                      (abs)              0025F6
_LATC                       (abs)              0004C0
_LATD                       (abs)              0004C1
_LATD4                      (abs)              00260C
_M_RAM                      (abs)              002500
_NUM0F                      (abs)              000515
_OPA                        (abs)              000508
_OPA2                       (abs)              00050A
_OPAC                       (abs)              000509
_OPAX                       (abs)              000524
_OPR                        (abs)              000507
_OPRX                       (abs)              000523
_OSCFRQ                     (abs)              0000B1
_PC1                        (abs)              000511
_PC2                        (abs)              000512
_PC2X                       (abs)              000520
_PC3                        (abs)              000513
_PC3X                       (abs)              000521
_PCX                        (abs)              000520
_PORT_01                    (abs)              000501
_PORT_02                    (abs)              000502
_PORT_03                    (abs)              000503
_PWM2CLK                    (abs)              000470
_PWM2CON                    (abs)              000478
_PWM2GIE                    (abs)              000477
_PWM2PR                     (abs)              000472
_PWM2S1CFG                  (abs)              000479
_PWM2S1P1                   (abs)              00047A
_PWM3CLK                    (abs)              00047F
_PWM3CON                    (abs)              000487
_PWM3GIE                    (abs)              000486
_PWM3PR                     (abs)              000481
_PWM3S1CFG                  (abs)              000488
_PWM3S1P1                   (abs)              000489
_P_MEM                      (abs)              000600
_RA6PPS                     (abs)              000207
_RC3                        (abs)              002683
_RD0                        (abs)              002688
_RD0PPS                     (abs)              000219
_RD2                        (abs)              00268A
_RD2PPS                     (abs)              00021B
_RD3PPS                     (abs)              00021C
_ROMIN1                     (abs)              00050F
_ROMOUT1                    (abs)              000510
_ROM_01                     (abs)              00050E
_RPM_01                     (abs)              000505
_SRC                        (abs)              00050D
_SRCX                       (abs)              000525
_SRC_ARRAY                  (abs)              003500
_SYNC_ISR                   text26             012178
_S_RAM                      (abs)              002D00
_TRISA                      (abs)              0004C6
_TRISA6                     (abs)              002636
_TRISA7                     (abs)              002637
_TRISB                      (abs)              0004C7
_TRISC                      (abs)              0004C8
_TRISD                      (abs)              0004C9
_TRISD0                     (abs)              002648
_TRISD2                     (abs)              00264A
_TRISD3                     (abs)              00264B
_TRISE                      (abs)              0004CA
_U3BRG                      (abs)              0002D4
_U3ON                       (abs)              001697
_U3RXEN                     (abs)              00168C
_U3RXPPS                    (abs)              000276
_U3TXB                      (abs)              0002C9
_U3TXEN                     (abs)              00168D
_U3TXIF                     (abs)              0025B9
_WPM_01                     (abs)              000504
_WPUA                       (abs)              000401
_WPUB                       (abs)              000409
_WPUC                       (abs)              000411
_WPUD                       (abs)              000419
_WPUE                       (abs)              000421
_WREG                       (abs)              0004E8
__HRAM                      (abs)              000000
__H__absolute__             __absolute__       000000
__H_rom_text                _rom_text          010EE2
__Habs1                     abs1               000000
__Hbank10                   bank10             000000
__Hbank11                   bank11             000000
__Hbank12                   bank12             000000
__Hbank13                   bank13             000000
__Hbank14                   bank14             000000
__Hbank15                   bank15             000000
__Hbank16                   bank16             000000
__Hbank17                   bank17             000000
__Hbank18                   bank18             000000
__Hbank19                   bank19             000000
__Hbank20                   bank20             000000
__Hbank21                   bank21             000000
__Hbank22                   bank22             000000
__Hbank23                   bank23             000000
__Hbank24                   bank24             000000
__Hbank25                   bank25             000000
__Hbank26                   bank26             000000
__Hbank27                   bank27             000000
__Hbank28                   bank28             000000
__Hbank29                   bank29             000000
__Hbank30                   bank30             000000
__Hbank31                   bank31             000000
__Hbank32                   bank32             000000
__Hbank33                   bank33             000000
__Hbank34                   bank34             000000
__Hbank35                   bank35             000000
__Hbank36                   bank36             000000
__Hbank37                   bank37             000000
__Hbank38                   bank38             000000
__Hbank39                   bank39             000000
__Hbank40                   bank40             000000
__Hbank41                   bank41             000000
__Hbank42                   bank42             000000
__Hbank43                   bank43             000000
__Hbank44                   bank44             000000
__Hbank45                   bank45             000000
__Hbank46                   bank46             000000
__Hbank47                   bank47             000000
__Hbank48                   bank48             000000
__Hbank49                   bank49             000000
__Hbank5                    bank5              000000
__Hbank50                   bank50             000000
__Hbank51                   bank51             000000
__Hbank52                   bank52             000000
__Hbank53                   bank53             000000
__Hbank54                   bank54             000000
__Hbank6                    bank6              000000
__Hbank7                    bank7              000000
__Hbank8                    bank8              000000
__Hbank9                    bank9              000000
__Hbigbss                   bigbss             000000
__Hbigdata                  bigdata            000000
__Hbigram                   bigram             000000
__Hbigsfr                   bigsfr             000000
__Hbss                      bss                000000
__HbssBANK5                 bssBANK5           000000
__HbssBANK53                bssBANK53          000000
__Hcinit                    cinit              000000
__Hclrtext                  clrtext            000000
__Hcomram                   comram             000000
__Hconfig                   config             300023
__Hconst                    const              000000
__HcstackBANK5              cstackBANK5        000000
__HcstackCOMRAMhh           cstackCOMRAMhh     000000
__HcstackCOMRAMhllhhl       cstackCOMRAMhllhhl 000000
__Hdata                     data               000000
__Heeprom_data              eeprom_data        000000
__Hfarbss                   farbss             000000
__Hfardata                  fardata            000000
__Hheap                     heap               000000
__Hibigdata                 ibigdata           000000
__Hidata                    idata              000000
__Hidloc                    idloc              000000
__Hifardata                 ifardata           000000
__Hinit                     init               010EE6
__Hintsave_regs             intsave_regs       000000
__Hirdata                   irdata             000000
__Hivt0x8                   ivt0x8             00010A
__Hmediumconst              mediumconst        000000
__HnvFARRAM                 nvFARRAM           000000
__Hnvbit                    nvbit              000000
__Hnvrram                   nvrram             000000
__Hparam                    rparam             000000
__Hpowerup                  powerup            000000
__Hram                      ram                000000
__Hramtop                   ramtop             004000
__Hrbit                     rbit               000000
__Hrbss                     rbss               000000
__Hrdata                    rdata              000000
__Hreset_vec                reset_vec          000004
__Hrparam                   rparam             000000
__Hsfr                      sfr                000000
__Hsmallconst               smallconst         0040FA
__Hspace_0                  (abs)              0133DE
__Hspace_1                  (abs)              003558
__Hspace_2                  (abs)              000000
__Hspace_4                  (abs)              600023
__Hstack                    stack              000000
__Hstruct                   struct             000000
__Htemp                     temp               000000
__Htext                     text               000000
__Htext0                    text0              000000
__Htext1                    text1              000000
__Htext10                   text10             000000
__Htext11                   text11             000000
__Htext12                   text12             000000
__Htext13                   text13             000000
__Htext14                   text14             000000
__Htext15                   text15             000000
__Htext16                   text16             000000
__Htext17                   text17             000000
__Htext18                   text18             000000
__Htext19                   text19             000000
__Htext2                    text2              000000
__Htext20                   text20             000000
__Htext21                   text21             000000
__Htext22                   text22             000000
__Htext23                   text23             000000
__Htext24                   text24             000000
__Htext25                   text25             000000
__Htext26                   text26             000000
__Htext3                    text3              000000
__Htext4                    text4              000000
__Htext5                    text5              000000
__Htext6                    text6              000000
__Htext7                    text7              000000
__Htext8                    text8              000000
__Htext9                    text9              000000
__LRAM                      (abs)              000001
__L__absolute__             __absolute__       000000
__L_rom_text                _rom_text          010000
__Labs1                     abs1               000000
__Lbank10                   bank10             000000
__Lbank11                   bank11             000000
__Lbank12                   bank12             000000
__Lbank13                   bank13             000000
__Lbank14                   bank14             000000
__Lbank15                   bank15             000000
__Lbank16                   bank16             000000
__Lbank17                   bank17             000000
__Lbank18                   bank18             000000
__Lbank19                   bank19             000000
__Lbank20                   bank20             000000
__Lbank21                   bank21             000000
__Lbank22                   bank22             000000
__Lbank23                   bank23             000000
__Lbank24                   bank24             000000
__Lbank25                   bank25             000000
__Lbank26                   bank26             000000
__Lbank27                   bank27             000000
__Lbank28                   bank28             000000
__Lbank29                   bank29             000000
__Lbank30                   bank30             000000
__Lbank31                   bank31             000000
__Lbank32                   bank32             000000
__Lbank33                   bank33             000000
__Lbank34                   bank34             000000
__Lbank35                   bank35             000000
__Lbank36                   bank36             000000
__Lbank37                   bank37             000000
__Lbank38                   bank38             000000
__Lbank39                   bank39             000000
__Lbank40                   bank40             000000
__Lbank41                   bank41             000000
__Lbank42                   bank42             000000
__Lbank43                   bank43             000000
__Lbank44                   bank44             000000
__Lbank45                   bank45             000000
__Lbank46                   bank46             000000
__Lbank47                   bank47             000000
__Lbank48                   bank48             000000
__Lbank49                   bank49             000000
__Lbank5                    bank5              000000
__Lbank50                   bank50             000000
__Lbank51                   bank51             000000
__Lbank52                   bank52             000000
__Lbank53                   bank53             000000
__Lbank54                   bank54             000000
__Lbank6                    bank6              000000
__Lbank7                    bank7              000000
__Lbank8                    bank8              000000
__Lbank9                    bank9              000000
__Lbigbss                   bigbss             000000
__Lbigdata                  bigdata            000000
__Lbigram                   bigram             000000
__Lbigsfr                   bigsfr             000000
__Lbss                      bss                000000
__LbssBANK5                 bssBANK5           000000
__LbssBANK53                bssBANK53          000000
__Lcinit                    cinit              000000
__Lclrtext                  clrtext            000000
__Lcomram                   comram             000000
__Lconfig                   config             000000
__Lconst                    const              000000
__LcstackBANK5              cstackBANK5        000000
__LcstackCOMRAMhh           cstackCOMRAMhh     000000
__LcstackCOMRAMhllhhl       cstackCOMRAMhllhhl 000000
__Ldata                     data               000000
__Leeprom_data              eeprom_data        000000
__Lfarbss                   farbss             000000
__Lfardata                  fardata            000000
__Lheap                     heap               000000
__Libigdata                 ibigdata           000000
__Lidata                    idata              000000
__Lidloc                    idloc              000000
__Lifardata                 ifardata           000000
__Linit                     init               010EE2
__Lintsave_regs             intsave_regs       000000
__Lirdata                   irdata             000000
__Livt0x8                   ivt0x8             000008
__Lmediumconst              mediumconst        000000
__LnvFARRAM                 nvFARRAM           000000
__Lnvbit                    nvbit              000000
__Lnvrram                   nvrram             000000
__Lparam                    rparam             000000
__Lpowerup                  powerup            000000
__Lram                      ram                000000
__Lramtop                   ramtop             004000
__Lrbit                     rbit               000000
__Lrbss                     rbss               000000
__Lrdata                    rdata              000000
__Lreset_vec                reset_vec          000000
__Lrparam                   rparam             000000
__Lsfr                      sfr                000000
__Lsmallconst               smallconst         004000
__Lspace_0                  (abs)              000000
__Lspace_1                  (abs)              000000
__Lspace_2                  (abs)              000000
__Lspace_4                  (abs)              000000
__Lstack                    stack              000000
__Lstruct                   struct             000000
__Ltemp                     temp               000000
__Ltext                     text               000000
__Ltext0                    text0              000000
__Ltext1                    text1              000000
__Ltext10                   text10             000000
__Ltext11                   text11             000000
__Ltext12                   text12             000000
__Ltext13                   text13             000000
__Ltext14                   text14             000000
__Ltext15                   text15             000000
__Ltext16                   text16             000000
__Ltext17                   text17             000000
__Ltext18                   text18             000000
__Ltext19                   text19             000000
__Ltext2                    text2              000000
__Ltext20                   text20             000000
__Ltext21                   text21             000000
__Ltext22                   text22             000000
__Ltext23                   text23             000000
__Ltext24                   text24             000000
__Ltext25                   text25             000000
__Ltext26                   text26             000000
__Ltext3                    text3              000000
__Ltext4                    text4              000000
__Ltext5                    text5              000000
__Ltext6                    text6              000000
__Ltext7                    text7              000000
__Ltext8                    text8              000000
__Ltext9                    text9              000000
__S0                        (abs)              0133DE
__S1                        (abs)              003558
__S4                        (abs)              000000
__S5                        (abs)              000000
___fladd                    text18             011E70
___fladd@a                  cstackCOMRAMhh     00052C
___fladd@aexp               cstackCOMRAMhh     000535
___fladd@b                  cstackCOMRAMhh     000528
___fladd@bexp               cstackCOMRAMhh     000536
___fladd@grs                cstackCOMRAMhh     000537
___fladd@signs              cstackCOMRAMhh     000534
___fldiv                    text23             0126D8
___fldiv@a                  cstackCOMRAMhh     00053A
___fldiv@aexp               cstackCOMRAMhh     00054E
___fldiv@b                  cstackCOMRAMhh     000536
___fldiv@bexp               cstackCOMRAMhh     00054D
___fldiv@grs                cstackCOMRAMhh     000549
___fldiv@new_exp            cstackCOMRAMhh     000547
___fldiv@rem                cstackCOMRAMhh     000542
___fldiv@sign               cstackCOMRAMhh     000546
___fleq                     text22             0130CA
___fleq@ff1                 cstackCOMRAMhh     000528
___fleq@ff2                 cstackCOMRAMhh     00052C
___flge                     text21             012D26
___flge@ff1                 cstackCOMRAMhh     00054F
___flge@ff2                 cstackCOMRAMhh     000553
___flmul                    text20             011B48
___flmul@a                  cstackCOMRAMhh     00053A
___flmul@aexp               cstackCOMRAMhh     000543
___flmul@b                  cstackCOMRAMhh     000536
___flmul@bexp               cstackCOMRAMhh     000548
___flmul@grs                cstackCOMRAMhh     000544
___flmul@prod               cstackCOMRAMhh     000549
___flmul@sign               cstackCOMRAMhh     000542
___flmul@temp               cstackCOMRAMhh     00054D
___flneg                    text19             013352
___flneg@f1                 cstackCOMRAMhh     000528
___flsub                    text17             01325C
___flsub@a                  cstackCOMRAMhh     000553
___flsub@b                  cstackCOMRAMhh     00054F
___fltol                    text16             012EC2
___fltol@exp1               cstackCOMRAMhh     000531
___fltol@f1                 cstackCOMRAMhh     000528
___fltol@sign1              cstackCOMRAMhh     000530
___fpclassifyf              text15             012DF6
___fpclassifyf@F465         bssBANK5           0005C8
___fpclassifyf@e            cstackCOMRAMhh     000530
___fpclassifyf@u            cstackCOMRAMhh     000532
___fpclassifyf@x            cstackCOMRAMhh     000528
___heap_hi                  (abs)              000000
___heap_lo                  (abs)              000000
___inthi_sp                 stack              000000
___inthi_stack_hi           stack              000000
___inthi_stack_lo           stack              000000
___intlo_sp                 stack              000000
___intlo_stack_hi           stack              000000
___intlo_stack_lo           stack              000000
___param_bank               (abs)              000000
___rparam_used              (abs)              000001
___sp                       stack              000000
___stack_hi                 stack              000000
___stack_lo                 stack              000000
___xxtofl                   text24             012B06
___xxtofl@arg               cstackCOMRAMhh     000532
___xxtofl@exp               cstackCOMRAMhh     000531
___xxtofl@sign              cstackCOMRAMhh     000530
___xxtofl@val               cstackCOMRAMhh     000528
__accesstop                 (abs)              000560
__activetblptr              (abs)              000003
__end_of_Default_ISR        text25             0133DE
__end_of_SYNC_ISR           text26             01244A
__end_of___fladd            text18             012178
__end_of___fldiv            text23             01295E
__end_of___fleq             text22             013154
__end_of___flge             text21             012DF6
__end_of___flmul            text20             011E70
__end_of___flneg            text19             013380
__end_of___flsub            text17             0132A2
__end_of___fltol            text16             012F7C
__end_of___fpclassifyf      text15             012EC2
__end_of___xxtofl           text24             012C46
__end_of__initialization    cinit              0133A6
__end_of_efgtoa             text6              0117AE
__end_of_floorf             text14             012B06
__end_of_fputc              text10             0130CA
__end_of_fputs              text9              01331E
__end_of_labs               text13             013216
__end_of_main               text0              011B48
__end_of_memcpy             text12             0132E6
__end_of_pad                text8              0131CC
__end_of_printf             text1              0133CE
__end_of_putch              text11             0133DA
__end_of_read_prec_or_width text5              01302A
__end_of_rom                _rom_text          010EE2
__end_of_strcpy             text7              013352
__end_of_vfpfcnvrt          text3              0126D8
__end_of_vfprintf           text2              01325C
__end_of_xtoa               text4              012D26
__initialization            cinit              013380
__mediumconst               smallconst         004000
__p_rom_text                _rom_text          010000
__pbssBANK5                 bssBANK5           0005C4
__pbssBANK53                bssBANK53          003508
__pcinit                    cinit              013380
__pcstackBANK5              cstackBANK5        000560
__pcstackCOMRAMhh           cstackCOMRAMhh     000528
__pcstackCOMRAMhllhhl       cstackCOMRAMhllhhl 000516
__pivt0x8                   ivt0x8             000008
__psmallconst               smallconst         004000
__ptext0                    text0              0117AE
__ptext1                    text1              0133AC
__ptext10                   text10             01302A
__ptext11                   text11             0133CE
__ptext12                   text12             0132A2
__ptext13                   text13             0131CC
__ptext14                   text14             01295E
__ptext15                   text15             012DF6
__ptext16                   text16             012EC2
__ptext17                   text17             01325C
__ptext18                   text18             011E70
__ptext19                   text19             013352
__ptext2                    text2              013216
__ptext20                   text20             011B48
__ptext21                   text21             012D26
__ptext22                   text22             0130CA
__ptext23                   text23             0126D8
__ptext24                   text24             012B06
__ptext25                   text25             0133DC
__ptext26                   text26             012178
__ptext3                    text3              01244A
__ptext4                    text4              012C46
__ptext5                    text5              012F7C
__ptext6                    text6              010EE6
__ptext7                    text7              01331E
__ptext8                    text8              013154
__ptext9                    text9              0132E6
__ramtop                    ramtop             004000
__smallconst                smallconst         004000
_dbuf                       bssBANK53          003508
_efgtoa                     text6              010EE6
_efgtoa$741                 cstackBANK5        00056D
_flags                      bssBANK5           0005D4
_floorf                     text14             01295E
_fputc                      text10             01302A
_fputs                      text9              0132E6
_i                          bssBANK5           0005D2
_j                          bssBANK5           0005D0
_labs                       text13             0131CC
_main                       text0              0117AE
_main$1050                  cstackBANK5        0005BC
_main$1051                  cstackBANK5        0005C0
_memcpy                     text12             0132A2
_pad                        text8              013154
_prec                       bssBANK5           0005CE
_printf                     text1              0133AC
_putch                      text11             0133CE
_read_prec_or_width         text5              012F7C
_rom                        _rom_text          010000
_rom_absaddr                (abs)              010000
_strcpy                     text7              01331E
_vfpfcnvrt                  text3              01244A
_vfprintf                   text2              013216
_width                      bssBANK5           0005CC
_xtoa                       text4              012C46
efgtoa@c                    cstackBANK5        000566
efgtoa@d                    cstackBANK5        000572
efgtoa@e                    cstackBANK5        000576
efgtoa@f                    cstackBANK5        000562
efgtoa@fp                   cstackBANK5        000560
efgtoa@g                    cstackBANK5        000589
efgtoa@h                    cstackBANK5        00057E
efgtoa@i                    cstackBANK5        000586
efgtoa@l                    cstackBANK5        000582
efgtoa@m                    cstackBANK5        000574
efgtoa@mode                 cstackBANK5        000570
efgtoa@n                    cstackBANK5        00058D
efgtoa@ne                   cstackBANK5        000567
efgtoa@nmode                cstackBANK5        000571
efgtoa@ou                   cstackBANK5        00057A
efgtoa@p                    cstackBANK5        000569
efgtoa@pp                   cstackBANK5        00056F
efgtoa@sign                 cstackBANK5        000588
efgtoa@t                    cstackBANK5        00056B
efgtoa@u                    cstackBANK5        00058F
efgtoa@w                    cstackBANK5        000578
end_of_initialization       cinit              0133A6
floorf@F521                 bssBANK5           0005C4
floorf@e                    cstackCOMRAMhllhhl 00051A
floorf@m                    cstackCOMRAMhllhhl 000516
floorf@u                    cstackCOMRAMhllhhl 00051C
floorf@x                    cstackCOMRAMhh     00054F
fputc@c                     cstackCOMRAMhh     000529
fputc@fp                    cstackCOMRAMhh     00052B
fputs@c                     cstackCOMRAMhh     000536
fputs@fp                    cstackCOMRAMhh     000534
fputs@i                     cstackCOMRAMhh     000537
fputs@s                     cstackCOMRAMhh     000532
intlevel0                   text               000000
intlevel1                   text               000000
intlevel2                   text               000000
intlevel3                   text               000000
isa$std                     (abs)              000001
isa$xinst                   (abs)              000000
ivt0x8_base                 ivt0x8             000008
ivt0x8_undefint             ivt0x8             000108
labs@a                      cstackCOMRAMhh     000528
memcpy@d                    cstackCOMRAMhh     00052E
memcpy@d1                   cstackCOMRAMhh     000528
memcpy@n                    cstackCOMRAMhh     00052C
memcpy@s                    cstackCOMRAMhh     000530
memcpy@s1                   cstackCOMRAMhh     00052A
memcpy@tmp                  cstackCOMRAMhh     000532
pad@buf                     cstackCOMRAMhh     00053B
pad@fp                      cstackCOMRAMhh     000539
pad@i                       cstackCOMRAMhh     000540
pad@p                       cstackCOMRAMhh     00053D
printf@ap                   cstackBANK5        0005B8
printf@fmt                  cstackBANK5        0005A5
putch@c                     cstackCOMRAMhh     000528
read_prec_or_width@ap       cstackCOMRAMhh     00052A
read_prec_or_width@c        cstackCOMRAMhh     00052E
read_prec_or_width@fmt      cstackCOMRAMhh     000528
read_prec_or_width@n        cstackCOMRAMhh     00052F
stackhi                     (abs)              000000
stacklo                     (abs)              000000
start                       init               010EE2
start_initialization        cinit              013380
strcpy@d                    cstackCOMRAMhh     00052C
strcpy@dest                 cstackCOMRAMhh     000528
strcpy@src                  cstackCOMRAMhh     00052A
vfpfcnvrt@ap                cstackBANK5        000597
vfpfcnvrt@c                 cstackBANK5        00059E
vfpfcnvrt@convarg           cstackBANK5        00059A
vfpfcnvrt@cp                cstackBANK5        00059F
vfpfcnvrt@done              cstackBANK5        000599
vfpfcnvrt@fmt               cstackBANK5        000595
vfpfcnvrt@fp                cstackBANK5        000593
vfprintf@ap                 cstackBANK5        0005A3
vfprintf@cfmt               cstackCOMRAMhh     00055F
vfprintf@fmt                cstackBANK5        0005A2
vfprintf@fp                 cstackBANK5        0005A0
xtoa@c                      cstackCOMRAMhh     00054D
xtoa@d                      cstackCOMRAMhh     000544
xtoa@fp                     cstackCOMRAMhh     000542
xtoa@i                      cstackCOMRAMhh     00054E
xtoa@p                      cstackCOMRAMhh     000549
xtoa@w                      cstackCOMRAMhh     00054B


MODULE INFORMATION

Module		Function		Class		Link	Load	Size
C:\Program Files\Microchip\xc8\v3.00\pic\sources\c99\common\flge.c
		___flge        		CODE           	12D26	0000	208

C:\Program Files\Microchip\xc8\v3.00\pic\sources\c99\common\flge.c estimated size: 208

C:\Program Files\Microchip\xc8\v3.00\pic\sources\c99\common\nf_fputc.c
		_fputc         		CODE           	1302A	0000	160

C:\Program Files\Microchip\xc8\v3.00\pic\sources\c99\common\nf_fputc.c estimated size: 160

C:\Program Files\Microchip\xc8\v3.00\pic\sources\c99\common\memcpy.c
		_memcpy        		CODE           	132A2	0000	68

C:\Program Files\Microchip\xc8\v3.00\pic\sources\c99\common\memcpy.c estimated size: 68

C:\Program Files\Microchip\xc8\v3.00\pic\sources\c99\common\flneg.c
		___flneg       		CODE           	13352	0000	46

C:\Program Files\Microchip\xc8\v3.00\pic\sources\c99\common\flneg.c estimated size: 46

C:\Program Files\Microchip\xc8\v3.00\pic\sources\c99\common\__fpclassifyf.c
		___fpclassifyf 		CODE           	12DF6	0000	204

C:\Program Files\Microchip\xc8\v3.00\pic\sources\c99\common\__fpclassifyf.c estimated size: 204

EMU4004.c
		_putch         		CODE           	133CE	0000	12
		_main          		CODE           	117AE	0000	922
		_SYNC_ISR      		CODE           	12178	0000	722
		_Default_ISR   		CODE           	133DC	0000	2

EMU4004.c estimated size: 1658

C:\Program Files\Microchip\xc8\v3.00\pic\sources\c99\common\printf.c
		_printf        		CODE           	133AC	0000	34

C:\Program Files\Microchip\xc8\v3.00\pic\sources\c99\common\printf.c estimated size: 34

C:\Program Files\Microchip\xc8\v3.00\pic\sources\c99\common\floorf.c
		_floorf        		CODE           	1295E	0000	424

C:\Program Files\Microchip\xc8\v3.00\pic\sources\c99\common\floorf.c estimated size: 424

C:\Program Files\Microchip\xc8\v3.00\pic\sources\c99\common\fleq.c
		___fleq        		CODE           	130CA	0000	138

C:\Program Files\Microchip\xc8\v3.00\pic\sources\c99\common\fleq.c estimated size: 138

C:\Program Files\Microchip\xc8\v3.00\pic\sources\c99\common\sprcmul.c
		___flmul       		CODE           	11B48	0000	808

C:\Program Files\Microchip\xc8\v3.00\pic\sources\c99\common\sprcmul.c estimated size: 808

C:\Program Files\Microchip\xc8\v3.00\pic\sources\c99\common\sprcdiv.c
		___fldiv       		CODE           	126D8	0000	646

C:\Program Files\Microchip\xc8\v3.00\pic\sources\c99\common\sprcdiv.c estimated size: 646

shared
		_rom           		CODE           	10000	0000	3810
		__initialization		CODE           	13380	0000	38

shared estimated size: 3848

C:\Program Files\Microchip\xc8\v3.00\pic\sources\c99\common\xxtofl.c
		___xxtofl      		CODE           	12B06	0000	320

C:\Program Files\Microchip\xc8\v3.00\pic\sources\c99\common\xxtofl.c estimated size: 320

C:\Program Files\Microchip\xc8\v3.00\pic\sources\c99\common\nf_fputs.c
		_fputs         		CODE           	132E6	0000	56

C:\Program Files\Microchip\xc8\v3.00\pic\sources\c99\common\nf_fputs.c estimated size: 56

C:\Program Files\Microchip\xc8\v3.00\pic\sources\c99\common\strcpy.c
		_strcpy        		CODE           	1331E	0000	52

C:\Program Files\Microchip\xc8\v3.00\pic\sources\c99\common\strcpy.c estimated size: 52

C:\Program Files\Microchip\xc8\v3.00\pic\sources\c99\common\fltol.c
		___fltol       		CODE           	12EC2	0000	186

C:\Program Files\Microchip\xc8\v3.00\pic\sources\c99\common\fltol.c estimated size: 186

C:\Program Files\Microchip\xc8\v3.00\pic\sources\c99\common\labs.c
		_labs          		CODE           	131CC	0000	74

C:\Program Files\Microchip\xc8\v3.00\pic\sources\c99\common\labs.c estimated size: 74

C:\Program Files\Microchip\xc8\v3.00\pic\sources\c99\common\doprnt.c
		_read_prec_or_width		CODE           	12F7C	0000	174
		_vfpfcnvrt     		CODE           	1244A	0000	654
		_efgtoa        		CODE           	10EE6	0000	2248
		_pad           		CODE           	13154	0000	120
		_vfprintf      		CODE           	13216	0000	70
		_xtoa          		CODE           	12C46	0000	224

C:\Program Files\Microchip\xc8\v3.00\pic\sources\c99\common\doprnt.c estimated size: 3490

C:\Program Files\Microchip\xc8\v3.00\pic\sources\c99\common\sprcadd.c
		___flsub       		CODE           	1325C	0000	70
		___fladd       		CODE           	11E70	0000	776

C:\Program Files\Microchip\xc8\v3.00\pic\sources\c99\common\sprcadd.c estimated size: 846

